Error: something failed
Warning: low memory
Error: file missing
Info: process started
Error: network issue
